***************************************************************************************
****  git add * ; git commit -m "rename" ; git push                                 ***
***************************************************************************************
c:\X\test>git add *
warning: in the working copy of 'Test_105_LinearRegression.ipynb', LF will be replaced by CRLF the next time Git touches it

c:\X\test>git commit -m "rename"
[main 0b2c3db] rename
 2 files changed, 23 insertions(+), 1 deletion(-)
 rename Test_106_LinearRegression.ipynb => Test_105_LinearRegression.ipynb (100%)

c:\X\test>git push
Enumerating objects: 7, done.
Counting objects: 100% (7/7), done.
Delta compression using up to 8 threads
Compressing objects: 100% (4/4), done.
Writing objects: 100% (4/4), 744 bytes | 744.00 KiB/s, done.
Total 4 (delta 3), reused 0 (delta 0), pack-reused 0 (from 0)
remote: Resolving deltas: 100% (3/3), completed with 3 local objects.
To https://github.com/xribbi/test_e1044.git
   810ec8b..0b2c3db  main -> main

***************************************************************************************
****  git add * ; git commit -m "rename" ; git push                                 ***
***************************************************************************************
c:\X\test>git add *

c:\X\test>git commit -m "*"
[main 9952aaa] *
 1 file changed, 26 insertions(+)
 create mode 100644 doc/2024-11-12_xribbi_test_4_rename.txt

c:\X\test>git push
Enumerating objects: 6, done.
Counting objects: 100% (6/6), done.
Delta compression using up to 8 threads
Compressing objects: 100% (4/4), done.
Writing objects: 100% (4/4), 810 bytes | 405.00 KiB/s, done.
Total 4 (delta 2), reused 0 (delta 0), pack-reused 0 (from 0)
remote: Resolving deltas: 100% (2/2), completed with 2 local objects.
To https://github.com/xribbi/test_e1044.git
   0b2c3db..9952aaa  main -> main

***************************************************************************************
****  git pull ; git pull                                                           ***
***************************************************************************************

d:\@\#\clone\test_e1044>git pull
remote: Enumerating objects: 7, done.
remote: Counting objects: 100% (7/7), done.
remote: Compressing objects: 100% (1/1), done.
remote: Total 4 (delta 3), reused 4 (delta 3), pack-reused 0 (from 0)
Unpacking objects: 100% (4/4), 724 bytes | 30.00 KiB/s, done.
From https://github.com/xribbi/test_e1044
   810ec8b..0b2c3db  main       -> origin/main
Updating 810ec8b..0b2c3db
Fast-forward
 ...ession.ipynb => Test_105_LinearRegression.ipynb |  0
 doc/2024-11-12_xribbi_test_2_push.txt              | 24 +++++++++++++++++++++-
 2 files changed, 23 insertions(+), 1 deletion(-)
 rename Test_106_LinearRegression.ipynb => Test_105_LinearRegression.ipynb (100%)

d:\@\#\clone\test_e1044>git pull
remote: Enumerating objects: 10, done.
remote: Counting objects: 100% (10/10), done.
remote: Compressing objects: 100% (5/5), done.
remote: Total 8 (delta 5), reused 6 (delta 3), pack-reused 0 (from 0)
Unpacking objects: 100% (8/8), 1.26 KiB | 16.00 KiB/s, done.
From https://github.com/xribbi/test_e1044
   0b2c3db..4cc43e6  main       -> origin/main
Updating 0b2c3db..4cc43e6
Fast-forward
 doc/2024-11-12_xribbi_test_4_rename.txt | 44 +++++++++++++++++++++++++++++++++
 1 file changed, 44 insertions(+)
 create mode 100644 doc/2024-11-12_xribbi_test_4_rename.txt

