c:\X\test>git config --global color.ui auto

c:\X\test>git status
On branch main
Your branch is up to date with 'origin/main'.

Changes to be committed:
  (use "git restore --staged <file>..." to unstage)
        modified:   Test_101_Install.ipynb
        renamed:    Test_102_CostFunction.ipynb -> Test_102_Cost.ipynb
        renamed:    Test_105_TensorWithBias.ipynb -> Test_106_LinearRegression.ipynb
        new file:   Test_109_MultiLinearRegression.ipynb
        deleted:    doc/2024-11-11_HomeWork.ipynb
        deleted:    doc/2024-11-11_LMS.pdf
        deleted:    doc/2024-11-11_Python Releases for Windows _ Python.org.pdf
        new file:   doc/2024-11-11_xribbi_test.txt
        new file:   doc/2024-11-12_xribbi_test_e1044.pdf
        new file:   doc/2024-11-12_xribbi_test_init.txt


c:\X\test>git branch
* main

c:\X\test>git log
commit d124547a0efbc66636118b810a4b7f0a90d4c23f (HEAD -> main, origin/main)
Author: xribbi <xribbi.oz@gmail.com>
Date:   Tue Nov 12 10:07:34 2024 +0900

    first commit

c:\X\test>git tag

c:\X\test>git add
Nothing specified, nothing added.
hint: Maybe you wanted to say 'git add .'?
hint: Disable this message with "git config advice.addEmptyPathspec false"

c:\X\test>git add *
warning: in the working copy of 'Test_110_MultiLinearRegressionKeras.ipynb', LF will be replaced by CRLF the next time Git touches it

c:\X\test>git commit -m "2nd test update"
[main 21daa30] 2nd test update
 11 files changed, 4568 insertions(+), 176 deletions(-)
 rename Test_102_CostFunction.ipynb => Test_102_Cost.ipynb (100%)
 rename Test_105_TensorWithBias.ipynb => Test_106_LinearRegression.ipynb (100%)
 create mode 100644 Test_109_MultiLinearRegression.ipynb
 create mode 100644 Test_110_MultiLinearRegressionKeras.ipynb
 delete mode 100644 doc/2024-11-11_HomeWork.ipynb
 delete mode 100644 doc/2024-11-11_LMS.pdf
 delete mode 100644 doc/2024-11-11_Python Releases for Windows _ Python.org.pdf
 create mode 100644 doc/2024-11-11_xribbi_test.txt
 create mode 100644 doc/2024-11-12_xribbi_test_e1044.pdf
 create mode 100644 doc/2024-11-12_xribbi_test_init.txt

c:\X\test>git push
Enumerating objects: 10, done.
Counting objects: 100% (10/10), done.
Delta compression using up to 8 threads
Compressing objects: 100% (7/7), done.
Writing objects: 100% (7/7), 132.26 KiB | 6.61 MiB/s, done.
Total 7 (delta 2), reused 0 (delta 0), pack-reused 0 (from 0)
remote: Resolving deltas: 100% (2/2), completed with 2 local objects.
To https://github.com/xribbi/test_e1044.git
   d124547..21daa30  main -> main

c:\X\test>

c:\X\test>git add *

c:\X\test>git commint -m "update"
git: 'commint' is not a git command. See 'git --help'.

The most similar command is
        commit

c:\X\test>git commit -m "update"
[main c84973b] update
 3 files changed, 66 insertions(+)
 rename doc/{2024-11-12_xribbi_test_init.txt => 2024-11-12_xribbi_test_1_init.txt} (100%)
 create mode 100644 doc/2024-11-12_xribbi_test_2_push.txt
 create mode 100644 doc/git config --global color.ui auto.png

c:\X\test>git push
Enumerating objects: 7, done.
Counting objects: 100% (7/7), done.
Delta compression using up to 8 threads
Compressing objects: 100% (5/5), done.
Writing objects: 100% (5/5), 59.47 KiB | 5.41 MiB/s, done.
Total 5 (delta 2), reused 0 (delta 0), pack-reused 0 (from 0)
remote: Resolving deltas: 100% (2/2), completed with 2 local objects.
To https://github.com/xribbi/test_e1044.git
   21daa30..c84973b  main -> main


c:\X\test>git add *

c:\X\test>git commint -m "update+"
git: 'commint' is not a git command. See 'git --help'.

The most similar command is
        commit

c:\X\test>git commit -m "update+"
[main f7802cc] update+
 1 file changed, 28 insertions(+), 1 deletion(-)

c:\X\test>git push
Enumerating objects: 7, done.
Counting objects: 100% (7/7), done.
Delta compression using up to 8 threads
Compressing objects: 100% (4/4), done.
Writing objects: 100% (4/4), 662 bytes | 331.00 KiB/s, done.
Total 4 (delta 3), reused 0 (delta 0), pack-reused 0 (from 0)
remote: Resolving deltas: 100% (3/3), completed with 3 local objects.
To https://github.com/xribbi/test_e1044.git
   c84973b..f7802cc  main -> main


==========================================================================
c:\X\test>git commit -m "udpate++"
On branch main
Your branch is up to date with 'origin/main'.

Changes not staged for commit:
  (use "git add <file>..." to update what will be committed)
  (use "git restore <file>..." to discard changes in working directory)
        modified:   doc/2024-11-12_xribbi_test_2_push.txt

no changes added to commit (use "git add" and/or "git commit -a")

c:\X\test>git add *

c:\X\test>git commint -m "update++"
git: 'commint' is not a git command. See 'git --help'.

The most similar command is
        commit

c:\X\test>git commit -m "update++"
[main 0f47f93] update++
 1 file changed, 24 insertions(+), 1 deletion(-)

c:\X\test>git push
Enumerating objects: 7, done.
Counting objects: 100% (7/7), done.
Delta compression using up to 8 threads
Compressing objects: 100% (4/4), done.
Writing objects: 100% (4/4), 535 bytes | 267.00 KiB/s, done.
Total 4 (delta 3), reused 0 (delta 0), pack-reused 0 (from 0)
remote: Resolving deltas: 100% (3/3), completed with 3 local objects.
To https://github.com/xribbi/test_e1044.git
   f7802cc..0f47f93  main -> main

==========================================================================
c:\X\test>git add *

c:\X\test>git commit
On branch main
Your branch is up to date with 'origin/main'.

nothing to commit, working tree clean

c:\X\test>git push
Everything up-to-date
============================================================================
c:\X\test>git add *

c:\X\test>git commit -m "*"
[main fd5a177] *
 1 file changed, 14 insertions(+), 1 deletion(-)

c:\X\test>git push
Enumerating objects: 7, done.
Counting objects: 100% (7/7), done.
Delta compression using up to 8 threads
Compressing objects: 100% (4/4), done.
Writing objects: 100% (4/4), 411 bytes | 411.00 KiB/s, done.
Total 4 (delta 3), reused 0 (delta 0), pack-reused 0 (from 0)
remote: Resolving deltas: 100% (3/3), completed with 3 local objects.
To https://github.com/xribbi/test_e1044.git
   fad37ad..fd5a177  main -> main
==============================================================================
c:\X\test>git add
Nothing specified, nothing added.
hint: Maybe you wanted to say 'git add .'?
hint: Disable this message with "git config advice.addEmptyPathspec false"

c:\X\test>git add  *

c:\X\test>git commit -m "*"
[main 285c501] *
 1 file changed, 0 insertions(+), 0 deletions(-)
 rename doc/{2024-11-12_xribbi_test_e1044.pdf => xribbi_test_e1044.pdf} (100%)

c:\X\test>git push
Enumerating objects: 5, done.
Counting objects: 100% (5/5), done.
Delta compression using up to 8 threads
Compressing objects: 100% (3/3), done.
Writing objects: 100% (3/3), 284 bytes | 284.00 KiB/s, done.
Total 3 (delta 2), reused 0 (delta 0), pack-reused 0 (from 0)
remote: Resolving deltas: 100% (2/2), completed with 2 local objects.
To https://github.com/xribbi/test_e1044.git
   fd5a177..285c501  main -> main   

==============================================================================
c:\X\test>git config -l
diff.astextplain.textconv=astextplain
filter.lfs.clean=git-lfs clean -- %f
filter.lfs.smudge=git-lfs smudge -- %f
filter.lfs.process=git-lfs filter-process
filter.lfs.required=true
http.sslbackend=openssl
http.sslcainfo=C:/Users/std/AppData/Local/Programs/Git/mingw64/etc/ssl/certs/ca-bundle.crt
core.autocrlf=true
core.fscache=true
core.symlinks=false
pull.rebase=false
credential.helper=manager
credential.https://dev.azure.com.usehttppath=true
init.defaultbranch=master
user.email=xribbi.oz@gmail.com
user.name=xribbi
color.ui=auto
core.repositoryformatversion=0
core.filemode=false
core.bare=false
core.logallrefupdates=true
core.symlinks=false
core.ignorecase=true
remote.origin.url=https://github.com/xribbi/test_e1044.git
remote.origin.fetch=+refs/heads/*:refs/remotes/origin/*
branch.main.remote=origin
branch.main.merge=refs/heads/main

==============================================================================
c:\X\test>git add *

c:\X\test>git commit -m "*"
[main 4bfd8bd] *
 1 file changed, 73 insertions(+), 1 deletion(-)

c:\X\test>git push
Enumerating objects: 7, done.
Counting objects: 100% (7/7), done.
Delta compression using up to 8 threads
Compressing objects: 100% (4/4), done.
Writing objects: 100% (4/4), 1.02 KiB | 521.00 KiB/s, done.
Total 4 (delta 3), reused 0 (delta 0), pack-reused 0 (from 0)
remote: Resolving deltas: 100% (3/3), completed with 3 local objects.
To https://github.com/xribbi/test_e1044.git
   285c501..4bfd8bd  main -> main

==============================================================================

==============================================================================   