======================================================================================================================================
d:\@\#\clone>git clone https://github.com/xribbi/test_e1044
Cloning into 'test_e1044'...
remote: Enumerating objects: 47, done.
remote: Counting objects: 100% (47/47), done.
remote: Compressing objects: 100% (33/33), done.
remote: Total 47 (delta 20), reused 40 (delta 13), pack-reused 0 (from 0)Receiving objects: 100% (47/47), 16.68 MiB | 16Receiving objects: 100% (47/47), 17.50 MiB | 16.39 MiB/s, done.

Resolving deltas: 100% (20/20), done.

======================================================================================================================================
d:\@\#\clone\test_e1044>git config -l
diff.astextplain.textconv=astextplain
filter.lfs.clean=git-lfs clean -- %f
filter.lfs.smudge=git-lfs smudge -- %f
filter.lfs.process=git-lfs filter-process
filter.lfs.required=true
http.sslbackend=openssl
http.sslcainfo=C:/X/Git/mingw64/etc/ssl/certs/ca-bundle.crt
core.autocrlf=true
core.fscache=true
core.symlinks=false
pull.rebase=false
credential.helper=manager
credential.https://dev.azure.com.usehttppath=true
init.defaultbranch=master
core.editor="C:\X\_\VSCode\bin\code" --wait
user.name=xribbi
user.email=xribbi.oz@gmail.com
color.ui=auto
core.repositoryformatversion=0
core.filemode=false
core.bare=false
core.logallrefupdates=true
core.symlinks=false
core.ignorecase=true
remote.origin.url=https://github.com/xribbi/test_e1044
remote.origin.fetch=+refs/heads/*:refs/remotes/origin/*
branch.main.remote=origin
branch.main.merge=refs/heads/main

======================================================================================================================================
======================================================================================================================================
======================================================================================================================================
d:\@\#\clone\test_e1044>git fetch
remote: Enumerating objects: 12, done.
remote: Counting objects: 100% (12/12), done.
remote: Compressing objects: 100% (6/6), done.
remote: Total 9 (delta 6), reused 6 (delta 3), pack-reused 0 (from 0)
Unpacking objects: 100% (9/9), 1.85 KiB | 22.00 KiB/s, done.
From https://github.com/xribbi/test_e1044
   285c501..0bb6377  main       -> origin/main
======================================================================================================================================
d:\@\#\clone\test_e1044>git status
On branch main
Your branch is behind 'origin/main' by 2 commits, and can be fast-forwarded.
  (use "git pull" to update your local branch)

Untracked files:
  (use "git add <file>..." to include in what will be committed)
        doc/2024-11-12_xribbi_test_3_clone.txt
        doc/git config -l_xtal6.ini

nothing added to commit but untracked files present (use "git add" to track)
d:\@\#\clone\test_e1044>git add *

d:\@\#\clone\test_e1044>git commit -m "xtal6#1"
[main 93036b9] xtal6#1
 2 files changed, 94 insertions(+)
 create mode 100644 doc/2024-11-12_xribbi_test_3_clone.txt
 create mode 100644 doc/git config -l_xtal6.ini

d:\@\#\clone\test_e1044>git pull
Merge made by the 'ort' strategy.
 doc/2024-11-12_xribbi_test_2_push.txt | 93 ++++++++++++++++++++++++++++++++++-
 doc/git config -l_132_Win.txt         | 28 +++++++++++
 2 files changed, 120 insertions(+), 1 deletion(-)
 create mode 100644 doc/git config -l_132_Win.txt

d:\@\#\clone\test_e1044>git push
Enumerating objects: 12, done.
Counting objects: 100% (12/12), done.
Delta compression using up to 16 threads
Compressing objects: 100% (8/8), done.
Writing objects: 100% (8/8), 1.66 KiB | 1.66 MiB/s, done.
Total 8 (delta 5), reused 0 (delta 0), pack-reused 0
remote: Resolving deltas: 100% (5/5), completed with 2 local objects.
To https://github.com/xribbi/test_e1044
   0bb6377..fa938fb  main -> main
======================================================================================================================================
d:\@\#\clone\test_e1044>git add *

d:\@\#\clone\test_e1044>git commit -m "xtal6.#2"
[main ca933ea] xtal6.#2
 2 files changed, 0 insertions(+), 0 deletions(-)
 rename doc/{git config -l_xtal6.ini => git config -l_xtal6.txt} (100%)
 create mode 100644 doc/git status.png

d:\@\#\clone\test_e1044>git push
Enumerating objects: 6, done.
Counting objects: 100% (6/6), done.
Delta compression using up to 16 threads
Compressing objects: 100% (4/4), done.
Writing objects: 100% (4/4), 141.18 KiB | 35.29 MiB/s, done.
Total 4 (delta 2), reused 0 (delta 0), pack-reused 0
remote: Resolving deltas: 100% (2/2), completed with 2 local objects.
To https://github.com/xribbi/test_e1044
   fa938fb..ca933ea  main -> main

======================================================================================================================================
======================================================================================================================================
======================================================================================================================================


